2026-08-20 01:57:51.247: [INFO] CurrentProfilePath: D:\springtool1\.metadata\.plugins\org.eclipse.swt\EBWebView\Default
2026-08-20 01:57:51.247: [INFO] Profiles total count: 1
2026-08-20 01:57:51.247: [INFO] Profile: name=Profile 1 path=D:\springtool1\.metadata\.plugins\org.eclipse.swt\EBWebView\Default lastActive=null
2026-08-20 01:57:51.247: [INFO] LastUsedProfileDir: D:\springtool1\.metadata\.plugins\org.eclipse.swt\EBWebView\Default
2026-08-20 01:57:51.247: [INFO] OnDoneLoading sync enabled: 0
2026-08-20 01:57:51.247: [INFO] BookmarkModelLoaded, ids_reassigned: 0
2026-08-20 01:57:51.247: [INFO] BookmarksLoadDropped droppedNodes=0
2026-08-20 01:57:51.247: [INFO] BookmarksSnapshot Startup total=0 bar=0 other=0 mobile=0 showBar=0 showBarNTP=1
2026-08-20 02:00:05.137: [INFO] BookmarksSnapshot Shutdown total=0 bar=0 other=0 mobile=0 showBar=0 showBarNTP=1
2026-08-20 02:03:17.684: [INFO] CurrentProfilePath: D:\springtool1\.metadata\.plugins\org.eclipse.swt\EBWebView\Default
2026-08-20 02:03:17.684: [INFO] Profiles total count: 1
2026-08-20 02:03:17.684: [INFO] Profile: name=Profile 1 path=D:\springtool1\.metadata\.plugins\org.eclipse.swt\EBWebView\Default lastActive=null
2026-08-20 02:03:17.684: [INFO] LastUsedProfileDir: D:\springtool1\.metadata\.plugins\org.eclipse.swt\EBWebView\Default
2026-08-20 02:03:17.684: [INFO] OnDoneLoading sync enabled: 0
2026-08-20 02:03:17.684: [INFO] BookmarkModelLoaded, ids_reassigned: 0
2026-08-20 02:03:17.684: [INFO] BookmarksLoadDropped droppedNodes=0
2026-08-20 02:03:17.684: [INFO] BookmarksSnapshot Startup total=0 bar=0 other=0 mobile=0 showBar=0 showBarNTP=1
2026-08-20 02:27:04.063: [INFO] BookmarksSnapshot Shutdown total=0 bar=0 other=0 mobile=0 showBar=0 showBarNTP=1
2026-08-20 02:57:40.662: [INFO] CurrentProfilePath: D:\springtool1\.metadata\.plugins\org.eclipse.swt\EBWebView\Default
2026-08-20 02:57:40.662: [INFO] Profiles total count: 1
2026-08-20 02:57:40.662: [INFO] Profile: name=Profile 1 path=D:\springtool1\.metadata\.plugins\org.eclipse.swt\EBWebView\Default lastActive=null
2026-08-20 02:57:40.662: [INFO] LastUsedProfileDir: D:\springtool1\.metadata\.plugins\org.eclipse.swt\EBWebView\Default
2026-08-20 02:57:40.662: [INFO] OnDoneLoading sync enabled: 0
2026-08-20 02:57:40.662: [INFO] BookmarkModelLoaded, ids_reassigned: 0
2026-08-20 02:57:40.662: [INFO] BookmarksLoadDropped droppedNodes=0
2026-08-20 02:57:40.662: [INFO] BookmarksSnapshot Startup total=0 bar=0 other=0 mobile=0 showBar=0 showBarNTP=1
2026-08-20 03:34:33.790: [INFO] BookmarksSnapshot Shutdown total=0 bar=0 other=0 mobile=0 showBar=0 showBarNTP=1
2026-08-24 15:22:24.222: [INFO] CurrentProfilePath: D:\springtool1\.metadata\.plugins\org.eclipse.swt\EBWebView\Default
2026-08-24 15:22:24.222: [INFO] Profiles total count: 1
2026-08-24 15:22:24.222: [INFO] Profile: name=Profile 1 path=D:\springtool1\.metadata\.plugins\org.eclipse.swt\EBWebView\Default lastActive=null
2026-08-24 15:22:24.222: [INFO] LastUsedProfileDir: D:\springtool1\.metadata\.plugins\org.eclipse.swt\EBWebView\Default
2026-08-24 15:22:24.222: [INFO] OnDoneLoading sync enabled: 0
2026-08-24 15:22:24.222: [INFO] BookmarkModelLoaded, ids_reassigned: 0
2026-08-24 15:22:24.223: [INFO] BookmarksLoadDropped droppedNodes=0
2026-08-24 15:22:24.223: [INFO] BookmarksSnapshot Startup total=0 bar=0 other=0 mobile=0 showBar=0 showBarNTP=1
2026-08-24 15:37:59.797: [INFO] BookmarksSnapshot Shutdown total=0 bar=0 other=0 mobile=0 showBar=0 showBarNTP=1
2026-08-25 00:59:10.902: [INFO] CurrentProfilePath: D:\springtool1\.metadata\.plugins\org.eclipse.swt\EBWebView\Default
2026-08-25 00:59:10.902: [INFO] Profiles total count: 1
2026-08-25 00:59:10.902: [INFO] Profile: name=Profile 1 path=D:\springtool1\.metadata\.plugins\org.eclipse.swt\EBWebView\Default lastActive=null
2026-08-25 00:59:10.902: [INFO] LastUsedProfileDir: D:\springtool1\.metadata\.plugins\org.eclipse.swt\EBWebView\Default
2026-08-25 00:59:10.902: [INFO] OnDoneLoading sync enabled: 0
2026-08-25 00:59:10.902: [INFO] BookmarkModelLoaded, ids_reassigned: 0
2026-08-25 00:59:10.902: [INFO] BookmarksLoadDropped droppedNodes=0
2026-08-25 00:59:10.902: [INFO] BookmarksSnapshot Startup total=0 bar=0 other=0 mobile=0 showBar=0 showBarNTP=1
2026-08-25 01:33:55.970: [INFO] BookmarksSnapshot Shutdown total=0 bar=0 other=0 mobile=0 showBar=0 showBarNTP=1
2026-08-26 14:44:25.297: [INFO] CurrentProfilePath: D:\springtool1\.metadata\.plugins\org.eclipse.swt\EBWebView\Default
2026-08-26 14:44:25.297: [INFO] Profiles total count: 1
2026-08-26 14:44:25.297: [INFO] Profile: name=Profile 1 path=D:\springtool1\.metadata\.plugins\org.eclipse.swt\EBWebView\Default lastActive=null
2026-08-26 14:44:25.297: [INFO] LastUsedProfileDir: D:\springtool1\.metadata\.plugins\org.eclipse.swt\EBWebView\Default
2026-08-26 14:44:25.297: [INFO] OnDoneLoading sync enabled: 0
2026-08-26 14:44:25.297: [INFO] BookmarkModelLoaded, ids_reassigned: 0
2026-08-26 14:44:25.297: [INFO] BookmarksLoadDropped droppedNodes=0
2026-08-26 14:44:25.297: [INFO] BookmarksSnapshot Startup total=0 bar=0 other=0 mobile=0 showBar=0 showBarNTP=1
2026-08-26 15:35:59.533: [INFO] BookmarksSnapshot Shutdown total=0 bar=0 other=0 mobile=0 showBar=0 showBarNTP=1
2026-08-26 16:25:58.679: [INFO] CurrentProfilePath: D:\springtool1\.metadata\.plugins\org.eclipse.swt\EBWebView\Default
2026-08-26 16:25:58.679: [INFO] Profiles total count: 1
2026-08-26 16:25:58.679: [INFO] Profile: name=Profile 1 path=D:\springtool1\.metadata\.plugins\org.eclipse.swt\EBWebView\Default lastActive=null
2026-08-26 16:25:58.679: [INFO] LastUsedProfileDir: D:\springtool1\.metadata\.plugins\org.eclipse.swt\EBWebView\Default
2026-08-26 16:25:58.679: [INFO] OnDoneLoading sync enabled: 0
2026-08-26 16:25:58.679: [INFO] BookmarkModelLoaded, ids_reassigned: 0
2026-08-26 16:25:58.679: [INFO] BookmarksLoadDropped droppedNodes=0
2026-08-26 16:25:58.679: [INFO] BookmarksSnapshot Startup total=0 bar=0 other=0 mobile=0 showBar=0 showBarNTP=1
2026-08-26 17:48:14.811: [INFO] BookmarksSnapshot Shutdown total=0 bar=0 other=0 mobile=0 showBar=0 showBarNTP=1
2026-08-27 02:58:35.496: [INFO] CurrentProfilePath: D:\springtool1\.metadata\.plugins\org.eclipse.swt\EBWebView\Default
2026-08-27 02:58:35.496: [INFO] Profiles total count: 1
2026-08-27 02:58:35.496: [INFO] Profile: name=Profile 1 path=D:\springtool1\.metadata\.plugins\org.eclipse.swt\EBWebView\Default lastActive=null
2026-08-27 02:58:35.496: [INFO] LastUsedProfileDir: D:\springtool1\.metadata\.plugins\org.eclipse.swt\EBWebView\Default
2026-08-27 02:58:35.496: [INFO] OnDoneLoading sync enabled: 0
2026-08-27 02:58:35.496: [INFO] BookmarkModelLoaded, ids_reassigned: 0
2026-08-27 02:58:35.496: [INFO] BookmarksLoadDropped droppedNodes=0
2026-08-27 02:58:35.496: [INFO] BookmarksSnapshot Startup total=0 bar=0 other=0 mobile=0 showBar=0 showBarNTP=1
2026-08-27 03:12:51.150: [INFO] BookmarksSnapshot Shutdown total=0 bar=0 other=0 mobile=0 showBar=0 showBarNTP=1
2026-08-27 03:12:51.206: [INFO] CurrentProfilePath: D:\springtool1\.metadata\.plugins\org.eclipse.swt\EBWebView\Default
2026-08-27 03:12:51.206: [INFO] Profiles total count: 1
2026-08-27 03:12:51.206: [INFO] Profile: name=Profile 1 path=D:\springtool1\.metadata\.plugins\org.eclipse.swt\EBWebView\Default lastActive=null
2026-08-27 03:12:51.206: [INFO] LastUsedProfileDir: D:\springtool1\.metadata\.plugins\org.eclipse.swt\EBWebView\Default
2026-08-27 03:12:51.206: [INFO] OnDoneLoading sync enabled: 0
2026-08-27 03:12:51.206: [INFO] BookmarkModelLoaded, ids_reassigned: 0
2026-08-27 03:12:51.206: [INFO] BookmarksLoadDropped droppedNodes=0
2026-08-27 03:12:51.206: [INFO] BookmarksSnapshot Startup total=0 bar=0 other=0 mobile=0 showBar=0 showBarNTP=1
2026-08-27 03:13:12.088: [INFO] BookmarksSnapshot Shutdown total=0 bar=0 other=0 mobile=0 showBar=0 showBarNTP=1
2026-08-27 03:13:12.135: [INFO] CurrentProfilePath: D:\springtool1\.metadata\.plugins\org.eclipse.swt\EBWebView\Default
2026-08-27 03:13:12.135: [INFO] Profiles total count: 1
2026-08-27 03:13:12.135: [INFO] Profile: name=Profile 1 path=D:\springtool1\.metadata\.plugins\org.eclipse.swt\EBWebView\Default lastActive=null
2026-08-27 03:13:12.135: [INFO] LastUsedProfileDir: D:\springtool1\.metadata\.plugins\org.eclipse.swt\EBWebView\Default
2026-08-27 03:13:12.135: [INFO] OnDoneLoading sync enabled: 0
2026-08-27 03:13:12.135: [INFO] BookmarkModelLoaded, ids_reassigned: 0
2026-08-27 03:13:12.135: [INFO] BookmarksLoadDropped droppedNodes=0
2026-08-27 03:13:12.135: [INFO] BookmarksSnapshot Startup total=0 bar=0 other=0 mobile=0 showBar=0 showBarNTP=1
2026-08-27 03:18:58.173: [INFO] BookmarksSnapshot Shutdown total=0 bar=0 other=0 mobile=0 showBar=0 showBarNTP=1
2026-08-27 03:18:58.228: [INFO] CurrentProfilePath: D:\springtool1\.metadata\.plugins\org.eclipse.swt\EBWebView\Default
2026-08-27 03:18:58.228: [INFO] Profiles total count: 1
2026-08-27 03:18:58.228: [INFO] Profile: name=Profile 1 path=D:\springtool1\.metadata\.plugins\org.eclipse.swt\EBWebView\Default lastActive=null
2026-08-27 03:18:58.228: [INFO] LastUsedProfileDir: D:\springtool1\.metadata\.plugins\org.eclipse.swt\EBWebView\Default
2026-08-27 03:18:58.228: [INFO] OnDoneLoading sync enabled: 0
2026-08-27 03:18:58.228: [INFO] BookmarkModelLoaded, ids_reassigned: 0
2026-08-27 03:18:58.228: [INFO] BookmarksLoadDropped droppedNodes=0
2026-08-27 03:18:58.228: [INFO] BookmarksSnapshot Startup total=0 bar=0 other=0 mobile=0 showBar=0 showBarNTP=1
2026-08-27 03:19:33.364: [INFO] BookmarksSnapshot Shutdown total=0 bar=0 other=0 mobile=0 showBar=0 showBarNTP=1
2026-08-27 03:19:33.416: [INFO] CurrentProfilePath: D:\springtool1\.metadata\.plugins\org.eclipse.swt\EBWebView\Default
2026-08-27 03:19:33.416: [INFO] Profiles total count: 1
2026-08-27 03:19:33.416: [INFO] Profile: name=Profile 1 path=D:\springtool1\.metadata\.plugins\org.eclipse.swt\EBWebView\Default lastActive=null
2026-08-27 03:19:33.416: [INFO] LastUsedProfileDir: D:\springtool1\.metadata\.plugins\org.eclipse.swt\EBWebView\Default
2026-08-27 03:19:33.416: [INFO] OnDoneLoading sync enabled: 0
2026-08-27 03:19:33.416: [INFO] BookmarkModelLoaded, ids_reassigned: 0
2026-08-27 03:19:33.416: [INFO] BookmarksLoadDropped droppedNodes=0
2026-08-27 03:19:33.416: [INFO] BookmarksSnapshot Startup total=0 bar=0 other=0 mobile=0 showBar=0 showBarNTP=1
2026-08-27 03:46:25.175: [INFO] BookmarksSnapshot Shutdown total=0 bar=0 other=0 mobile=0 showBar=0 showBarNTP=1
2026-08-27 05:50:40.492: [INFO] CurrentProfilePath: D:\springtool1\.metadata\.plugins\org.eclipse.swt\EBWebView\Default
2026-08-27 05:50:40.492: [INFO] Profiles total count: 1
2026-08-27 05:50:40.492: [INFO] Profile: name=Profile 1 path=D:\springtool1\.metadata\.plugins\org.eclipse.swt\EBWebView\Default lastActive=null
2026-08-27 05:50:40.492: [INFO] LastUsedProfileDir: D:\springtool1\.metadata\.plugins\org.eclipse.swt\EBWebView\Default
2026-08-27 05:50:40.492: [INFO] OnDoneLoading sync enabled: 0
2026-08-27 05:50:40.492: [INFO] BookmarkModelLoaded, ids_reassigned: 0
2026-08-27 05:50:40.492: [INFO] BookmarksLoadDropped droppedNodes=0
2026-08-27 05:50:40.492: [INFO] BookmarksSnapshot Startup total=0 bar=0 other=0 mobile=0 showBar=0 showBarNTP=1
2026-08-27 06:37:18.711: [INFO] BookmarksSnapshot Shutdown total=0 bar=0 other=0 mobile=0 showBar=0 showBarNTP=1
